---
source: src/shaders/build_tasks.rs
info:
  relative_path: shaders/compiled/pixel_rick.json
---
{
  "sourceFileName": "pixel_rick.slang",
  "globalParameters": [
    {
      "kind": "parameterBlock",
      "parameterName": "pixelRick",
      "elementType": {
        "typeName": "PixelRick",
        "fields": [
          {
            "kind": "struct",
            "fieldName": "circle",
            "binding": {
              "kind": "uniform",
              "offset": 0,
              "size": 16
            },
            "structType": {
              "typeName": "Circle",
              "fields": [
                {
                  "kind": "vector",
                  "fieldName": "position",
                  "binding": {
                    "kind": "uniform",
                    "offset": 0,
                    "size": 8
                  },
                  "elementCount": 2,
                  "elementType": {
                    "kind": "scalar",
                    "scalarType": "float32"
                  }
                },
                {
                  "kind": "scalar",
                  "fieldName": "radius",
                  "binding": {
                    "kind": "uniform",
                    "offset": 8,
                    "size": 4
                  },
                  "scalarType": "float32"
                }
              ]
            }
          }
        ]
      }
    }
  ],
  "vertexEntryPoint": {
    "entryPointName": "vertMain",
    "stage": "vertex",
    "parameters": [
      {
        "kind": "scalar",
        "parameterName": "vertexIndex",
        "semanticName": "SV_VERTEXID",
        "scalarType": "uint32"
      },
      {
        "kind": "struct",
        "parameterName": "vertex",
        "binding": {
          "kind": "varyingInput",
          "index": 0,
          "count": 3
        },
        "typeName": "PixelRickVertex",
        "fields": [
          {
            "kind": "vector",
            "fieldName": "position",
            "binding": {
              "kind": "varyingInput",
              "index": 0,
              "count": 1
            },
            "elementCount": 3,
            "elementType": {
              "kind": "scalar",
              "scalarType": "float32"
            }
          },
          {
            "kind": "vector",
            "fieldName": "color",
            "binding": {
              "kind": "varyingInput",
              "index": 1,
              "count": 1
            },
            "elementCount": 3,
            "elementType": {
              "kind": "scalar",
              "scalarType": "float32"
            }
          },
          {
            "kind": "vector",
            "fieldName": "texCoord",
            "binding": {
              "kind": "varyingInput",
              "index": 2,
              "count": 1
            },
            "elementCount": 2,
            "elementType": {
              "kind": "scalar",
              "scalarType": "float32"
            }
          }
        ]
      }
    ]
  },
  "fragmentEntryPoint": {
    "entryPointName": "fragMain",
    "stage": "fragment",
    "parameters": [
      {
        "kind": "struct",
        "parameterName": "fragVertex",
        "binding": {
          "kind": "varyingInput",
          "index": 0,
          "count": 2
        },
        "typeName": "FragVertex",
        "fields": [
          {
            "kind": "vector",
            "fieldName": "position",
            "semanticName": "SV_POSITION",
            "elementCount": 4,
            "elementType": {
              "kind": "scalar",
              "scalarType": "float32"
            }
          },
          {
            "kind": "vector",
            "fieldName": "color",
            "binding": {
              "kind": "varyingInput",
              "index": 0,
              "count": 1
            },
            "elementCount": 3,
            "elementType": {
              "kind": "scalar",
              "scalarType": "float32"
            }
          },
          {
            "kind": "vector",
            "fieldName": "texCoord",
            "binding": {
              "kind": "varyingInput",
              "index": 1,
              "count": 1
            },
            "elementCount": 2,
            "elementType": {
              "kind": "scalar",
              "scalarType": "float32"
            }
          }
        ]
      }
    ]
  },
  "pipelineLayout": {
    "descriptorSetLayouts": [
      {
        "bindingRanges": [
          {
            "binding": 0,
            "descriptorType": "constantBuffer",
            "descriptorCount": 1,
            "stageFlags": "all",
            "size": 16
          }
        ]
      }
    ],
    "pushConstantRanges": []
  }
}
