---
source: src/shaders/build_tasks.rs
info:
  file_path: src/generated/shader_atlas.rs
---
pub mod depth_texture;
pub use depth_texture::*;

pub struct ShaderAtlas {
    pub depth_texture: DepthTextureShader,
}

impl ShaderAtlas {
    pub fn init() -> Self {
        Self {
            depth_texture: DepthTextureShader::init(),
        }
    }
}
