---
source: src/shaders/build_tasks.rs
info:
  relative_path: src/generated/shader_atlas.rs
---
pub mod basic_triangle;
pub mod depth_texture;


pub struct ShaderAtlas {
    pub basic_triangle: basic_triangle::Shader,
    pub depth_texture: depth_texture::Shader,
}

impl ShaderAtlas {
    pub fn init() -> Self {
        Self {
            basic_triangle: basic_triangle::Shader::init(),
            depth_texture: depth_texture::Shader::init(),
        }
    }
}
