---
source: src/shaders.rs
expression: shader.reflection_json
---
{
  "source_file_name": "depth_texture.slang",
  "global_parameters": [
    {
      "kind": "parameterBlock",
      "parameter_name": "depthTexture",
      "element_type": {
        "type_name": "DepthTexture",
        "fields": [
          {
            "kind": "struct",
            "field_name": "mvp",
            "struct_type": {
              "type_name": "MVPMatrices",
              "fields": [
                {
                  "kind": "matrix",
                  "field_name": "model",
                  "row_count": 4,
                  "column_count": 4,
                  "element_type": {
                    "kind": "scalar",
                    "scalar_type": "float32"
                  }
                },
                {
                  "kind": "matrix",
                  "field_name": "view",
                  "row_count": 4,
                  "column_count": 4,
                  "element_type": {
                    "kind": "scalar",
                    "scalar_type": "float32"
                  }
                },
                {
                  "kind": "matrix",
                  "field_name": "proj",
                  "row_count": 4,
                  "column_count": 4,
                  "element_type": {
                    "kind": "scalar",
                    "scalar_type": "float32"
                  }
                }
              ]
            }
          },
          {
            "kind": "resource",
            "field_name": "texture",
            "resource_shape": "texture2D",
            "result_type": {
              "kind": "vector",
              "element_count": 4,
              "element_type": {
                "kind": "scalar",
                "scalar_type": "float32"
              }
            }
          }
        ]
      }
    }
  ],
  "vertex_entry_point": {
    "entry_point_name": "vertMain",
    "stage": "Vertex",
    "parameters": [
      {
        "kind": "scalar",
        "parameter_name": "vertexIndex",
        "scalar_type": "uint32",
        "semantic_name": "SV_VERTEXID"
      },
      {
        "kind": "struct",
        "parameter_name": "vertex",
        "type_name": "Vertex",
        "fields": [
          {
            "kind": "vector",
            "field_name": "position",
            "element_count": 3,
            "element_type": {
              "kind": "scalar",
              "scalar_type": "float32"
            }
          },
          {
            "kind": "vector",
            "field_name": "color",
            "element_count": 3,
            "element_type": {
              "kind": "scalar",
              "scalar_type": "float32"
            }
          },
          {
            "kind": "vector",
            "field_name": "texCoord",
            "element_count": 2,
            "element_type": {
              "kind": "scalar",
              "scalar_type": "float32"
            }
          }
        ]
      }
    ]
  },
  "fragment_entry_point": {
    "entry_point_name": "fragMain",
    "stage": "Fragment",
    "parameters": [
      {
        "kind": "struct",
        "parameter_name": "fragVertex",
        "type_name": "FragVertex",
        "fields": [
          {
            "kind": "vector",
            "field_name": "position",
            "element_count": 4,
            "element_type": {
              "kind": "scalar",
              "scalar_type": "float32"
            },
            "semantic_name": "SV_POSITION"
          },
          {
            "kind": "vector",
            "field_name": "color",
            "element_count": 3,
            "element_type": {
              "kind": "scalar",
              "scalar_type": "float32"
            }
          },
          {
            "kind": "vector",
            "field_name": "texCoord",
            "element_count": 2,
            "element_type": {
              "kind": "scalar",
              "scalar_type": "float32"
            }
          }
        ]
      }
    ]
  },
  "pipeline_layout": {
    "descriptor_set_layouts": [
      {
        "binding_ranges": [
          {
            "binding": 0,
            "descriptor_type": "ConstantBuffer",
            "descriptor_count": 1,
            "stage_flags": "All"
          },
          {
            "binding": 1,
            "descriptor_type": "CombinedTextureSampler",
            "descriptor_count": 1,
            "stage_flags": "All"
          }
        ]
      }
    ],
    "push_constant_ranges": []
  }
}
